// Jest Snapshot v1, https://goo.gl/fbAQLP

exports[`toVnode children 1`] = `
Object {
  "attributes": Object {},
  "children": Array [
    Object {
      "attributes": Object {},
      "children": Array [
        "hello",
      ],
      "name": "span",
    },
  ],
  "name": "div",
}
`;
